// Jest Snapshot v1, https://goo.gl/fbAQLP

exports[`should match snapshot 1`] = `
<div>
  <div
    class="project-links"
  >
    <a
      class="project-links__container"
      href=""
      rel="noreferrer"
      target="_blank"
    >
      <p
        class="project-links__text"
      >
        Code:
      </p>
      <img
        alt=""
        class="project-links__link"
        src="github.svg"
      />
    </a>
  </div>
</div>
`;
