// Jest Snapshot v1, https://goo.gl/fbAQLP

exports[`should match snapshot 1`] = `
<div>
  <div
    class="contact"
    id="contact"
  >
    <h2
      class="contact__title"
    >
      Contact Me
    </h2>
    <a
      class="contact__anchor"
      href="mailto:sammyjacobscontact@gmail.com"
    >
      Get in touch!
    </a>
    <img
      alt=""
      class="contact__earth"
      src="earth.svg"
    />
    <div
      class="links"
    >
      <a
        href="https://www.linkedin.com/in/samuel-j-66a84ba2/"
      >
        <img
          alt="link to linked in"
          class="links__icon"
          src="linkedin-icon.svg"
        />
      </a>
      <a
        href="https://github.com/samueljacobs98"
      >
        <img
          alt="link to github"
          class="links__icon"
          src="github-icon.svg"
        />
      </a>
      <a
        href="https://www.instagram.com/_samuel.jacobs_"
      >
        <img
          alt="link to instagram"
          class="links__icon"
          src="instagram-icon.svg"
        />
      </a>
      <img
        alt="lines leading to social links"
        class="links__lines"
        src="link-lines.svg"
      />
    </div>
  </div>
</div>
`;
