// Jest Snapshot v1, https://goo.gl/fbAQLP

exports[`should match snapshot 1`] = `
<div>
  <div
    class="projects"
    id="projects"
  >
    <section
      class="project"
      id="project"
    >
      <h3
        class="project__heading"
      >
        Darkroomdb
      </h3>
      <img
        alt="Darkroomdb"
        class="project__img"
        src="darkroomscreenshot.png"
      />
      <div
        class="project__text"
      >
        <p
          class="project__para"
        >
          The goal of this project was to create a full-stack application. Java / Spring Boot was used in conjuction with MySQL to create an API with a database to store the relevant data that would then be added, removed, or simply viewed, using the front-end that was created using React.
        </p>
        <br />
        <p
          class="project__para"
        >
          The design of the front-end was drafted with a wireframe in Figma (all links can be seen at the bottom of this document). The website used react-router-dom to create a site with several pages. Users are able to see all the different films in the database when the page initially loads, and these films can be filtered by format, style, and ISO, using the filters on the sidebar.
        </p>
        <br />
        <p
          class="project__para"
        >
          HTML Canvas was used to create an interesting background, where a new blurry circle is added to the background on every re-render.
        </p>
        <br />
        <p
          class="project__para"
        >
          When a film on the homepage is clicked, the user is routed through to a film-specific page where data relating to that film is displayed. On this page, a user can select the button "add a rating" to add a rating to the database via a POST request.
        </p>
        <br />
        <p
          class="project__para"
        >
          Users can also add a film stock to the database using the button in the website header 'add a film'. All fields bar 'rating' are required.
        </p>
        <br />
        <p
          class="project__para"
        >
          The front-end is deployed on GitHub, while the backend is deployed on the Google Cloud Platform.
        </p>
      </div>
      <div
        class="project__skills"
      >
        <p
          class="project__skill"
        >
          Full-Stack
        </p>
        <p
          class="project__skill"
        >
          Spring Boot
        </p>
        <p
          class="project__skill"
        >
          Java
        </p>
        <p
          class="project__skill"
        >
          React
        </p>
        <p
          class="project__skill"
        >
          SCSS
        </p>
        <p
          class="project__skill"
        >
          MySQL
        </p>
      </div>
      <div
        class="project-links"
      >
        <a
          class="project-links__container"
          href="https://github.com/samueljacobs98/darkroomdb-fe"
          rel="noreferrer"
          target="_blank"
        >
          <p
            class="project-links__text"
          >
            Code:
          </p>
          <img
            alt=""
            class="project-links__link"
            src="github.svg"
          />
        </a>
        <a
          class="project-links__container"
          href="https://samueljacobs98.github.io/darkroomdb-fe/"
          rel="noreferrer"
          target="_blank"
        >
          <p
            class="project-links__text"
          >
            Preview:
          </p>
          <img
            alt=""
            class="project-links__link"
            src="preview.svg"
          />
        </a>
      </div>
      <div
        class="project__update"
      >
        <button
          class="button"
        >
          Previous Project
        </button>
        <button
          class="button"
        >
          Next Project
        </button>
      </div>
    </section>
    <main
      class="projects__container"
    >
      <h3
        class="projects__title"
      >
        Featured Projects
      </h3>
      <a
        class="card card--active"
        href="#project"
      >
        <p
          class="card__title"
        >
          Darkroomdb
        </p>
        <p
          class="card__brief"
        >
          The goal of this project was to create a full-stack application.
        </p>
        <div
          class="card__line"
        />
        <div
          class="card__skills"
        >
          <div
            class="card__skills-left"
          >
            <p
              class="skill skill1"
            >
              Full-Stack
            </p>
            <p
              class="skill skill2"
            >
              Spring Boot
            </p>
          </div>
          <div
            class="card__skills-right"
          >
            <p
              class="skill skill3"
            >
              Java
            </p>
            <p
              class="skill skill4"
            >
              React
            </p>
          </div>
        </div>
      </a>
      <a
        class="card"
        href="#project"
      >
        <p
          class="card__title"
        >
          Positive Pup
        </p>
        <p
          class="card__brief"
        >
          A real-life MVP, working within an agile team of 8 developers.
        </p>
        <div
          class="card__line"
        />
        <div
          class="card__skills"
        >
          <div
            class="card__skills-left"
          >
            <p
              class="skill skill1"
            >
              Agile
            </p>
            <p
              class="skill skill2"
            >
              React
            </p>
          </div>
          <div
            class="card__skills-right"
          >
            <p
              class="skill skill3"
            >
              CI/CD
            </p>
            <p
              class="skill skill4"
            >
              HTML
            </p>
          </div>
        </div>
      </a>
      <a
        class="card"
        href="#project"
      >
        <p
          class="card__title"
        >
          GCP Hosted Pokemon API
        </p>
        <p
          class="card__brief"
        >
          Created an API using Spring Boot and Java with a MySQL database.
        </p>
        <div
          class="card__line"
        />
        <div
          class="card__skills"
        >
          <div
            class="card__skills-left"
          >
            <p
              class="skill skill1"
            >
              Google Cloud
            </p>
            <p
              class="skill skill2"
            >
              Spring Boot
            </p>
          </div>
          <div
            class="card__skills-right"
          >
            <p
              class="skill skill3"
            >
              Java
            </p>
            <p
              class="skill skill4"
            >
              MySQL
            </p>
          </div>
        </div>
      </a>
      <a
        class="card"
        href="#project"
      >
        <p
          class="card__title"
        >
          JAMstack and CMS Blog
        </p>
        <p
          class="card__brief"
        >
          A fast and secure blog with Eleventy and Netlify CMS
        </p>
        <div
          class="card__line"
        />
        <div
          class="card__skills"
        >
          <div
            class="card__skills-left"
          >
            <p
              class="skill skill1"
            >
              HTML/CSS
            </p>
            <p
              class="skill skill2"
            >
              Eleventy
            </p>
          </div>
          <div
            class="card__skills-right"
          >
            <p
              class="skill skill3"
            >
              Netlify CMS
            </p>
            <p
              class="skill skill4"
            >
              Nunjucks
            </p>
          </div>
        </div>
      </a>
      <a
        class="card"
        href="#project"
      >
        <p
          class="card__title"
        >
          2048 Game
        </p>
        <p
          class="card__brief"
        >
          A browser-based game using modern JavaScript programming techniques and DOM manipulation.
        </p>
        <div
          class="card__line"
        />
        <div
          class="card__skills"
        >
          <div
            class="card__skills-left"
          >
            <p
              class="skill skill1"
            >
              JavaScript
            </p>
            <p
              class="skill skill2"
            >
              HTML
            </p>
          </div>
          <div
            class="card__skills-right"
          >
            <p
              class="skill skill3"
            >
              CSS
            </p>
            <p
              class="skill skill4"
            >
              Figma
            </p>
          </div>
        </div>
      </a>
      <a
        class="card"
        href="#project"
      >
        <p
          class="card__title"
        >
          General BG Animation
        </p>
        <p
          class="card__brief"
        >
          Website where users to modify the background.
        </p>
        <div
          class="card__line"
        />
        <div
          class="card__skills"
        >
          <div
            class="card__skills-left"
          >
            <p
              class="skill skill1"
            >
              HTML Canvas
            </p>
            <p
              class="skill skill2"
            >
              JavaScript
            </p>
          </div>
          <div
            class="card__skills-right"
          >
            <p
              class="skill skill3"
            >
              HTML
            </p>
            <p
              class="skill skill4"
            >
              CSS
            </p>
          </div>
        </div>
      </a>
      <a
        class="card"
        href="#project"
      >
        <p
          class="card__title"
        >
          Calculator
        </p>
        <p
          class="card__brief"
        >
          A browser-based calculator capable of basic and advanced calculations.
        </p>
        <div
          class="card__line"
        />
        <div
          class="card__skills"
        >
          <div
            class="card__skills-left"
          >
            <p
              class="skill skill1"
            >
              HTML
            </p>
            <p
              class="skill skill2"
            >
              CSS
            </p>
          </div>
          <div
            class="card__skills-right"
          >
            <p
              class="skill skill3"
            >
              JavaScript
            </p>
            <p
              class="skill skill4"
            >
              Figma
            </p>
          </div>
        </div>
      </a>
      <a
        class="card"
        href="#project"
      >
        <p
          class="card__title"
        >
          Ticket Tracker
        </p>
        <p
          class="card__brief"
        >
          A React app that displays team members' remaining tickets.
        </p>
        <div
          class="card__line"
        />
        <div
          class="card__skills"
        >
          <div
            class="card__skills-left"
          >
            <p
              class="skill skill1"
            >
              React
            </p>
            <p
              class="skill skill2"
            >
              State-management
            </p>
          </div>
          <div
            class="card__skills-right"
          >
            <p
              class="skill skill3"
            >
              HTML Canvas
            </p>
            <p
              class="skill skill4"
            />
          </div>
        </div>
      </a>
      <a
        class="card"
        href="#project"
      >
        <p
          class="card__title"
        >
          Punk API
        </p>
        <p
          class="card__brief"
        >
          A React application that pulls data from an external public API and presents it in a dashboard.
        </p>
        <div
          class="card__line"
        />
        <div
          class="card__skills"
        >
          <div
            class="card__skills-left"
          >
            <p
              class="skill skill1"
            >
              Async Coding
            </p>
            <p
              class="skill skill2"
            >
              API Integration
            </p>
          </div>
          <div
            class="card__skills-right"
          >
            <p
              class="skill skill3"
            >
              React
            </p>
            <p
              class="skill skill4"
            />
          </div>
        </div>
      </a>
    </main>
    <img
      alt="the moon"
      class="projects__moon"
      src="moon.svg"
    />
  </div>
</div>
`;
