// Jest Snapshot v1, https://goo.gl/fbAQLP

exports[`should match snapshot 1`] = `
<div>
  <section
    class="project"
  >
    <h3
      class="project__heading"
    />
    <img
      alt=""
      class="project__img"
      src=""
    />
    <div
      class="project__text"
    >
      <p
        class="project__para"
      />
      <br />
      <p
        class="project__para"
      />
    </div>
    <div
      class="project__skills"
    >
      <p
        class="project__skill"
      />
      <p
        class="project__skill"
      />
      <p
        class="project__skill"
      />
    </div>
    <div
      class="project-links"
    >
      <a
        class="project-links__container"
        href=""
      >
        <p
          class="project-links__text"
        >
          Code:
        </p>
        <img
          alt=""
          class="project-links__link"
          src="github.svg"
        />
      </a>
      <a
        class="project-links__container"
        href=""
      >
        <p
          class="project-links__text"
        >
          Preview:
        </p>
        <img
          alt=""
          class="project-links__link"
          src="preview.svg"
        />
      </a>
    </div>
  </section>
</div>
`;
