// Jest Snapshot v1, https://goo.gl/fbAQLP

exports[`should match snapshot 1`] = `
<div>
  <div
    class="hero"
  >
    <h1
      class="hero__heading"
    >
      Hi, I'm Samuel
    </h1>
    <p
      class="hero__text"
    >
      a software engineer based
      <br />
      in London, England
    </p>
    <img
      alt="planet earth"
      class="hero__earth"
      src="earth.svg"
    />
  </div>
</div>
`;
